// Jest Snapshot v1, https://goo.gl/fbAQLP

exports[`NavButtons should render nav buttons correctly 1`] = `
<div
  className="mobile-nav-link-wrapper"
>
  <Link
    className="mobile-nav-link mobile-focused"
    to="/a-propos"
  >
    <img
      alt="Faisons connaissance icon"
      className="mobile-nav-icon"
      src={[Function]}
    />
    <p
      className="mobile-nav-link-text"
    >
      Faisons connaissance
    </p>
  </Link>
</div>
`;
