// Jest Snapshot v1, https://goo.gl/fbAQLP

exports[`LoadingLazyPage view should render LoadingLazyPage component correctly 1`] = `
<Fragment>
  <main
    className="loader-wrapper page"
  >
    <section
      className="loader"
    >
      <Loader
        className=""
        color="rgba(137, 194, 217, 0.3)"
        height={100}
        style={Object {}}
        timeout={3000}
        type="Circles"
        visible={true}
        width={100}
      />
    </section>
  </main>
</Fragment>
`;
