// Jest Snapshot v1, https://goo.gl/fbAQLP

exports[`Projects component should render Projects component correctly 1`] = `
<Fragment>
  <main
    className="projects-wrapper page"
  >
    <section
      className="projects-title-wrapper"
    >
      <h1>
        Sélection de 
        <span
          className="underlined"
        >
          projets.
        </span>
      </h1>
      <p>
        Je vous propose ici un échantillon des projets auxquels j'ai pris part depuis mes premiers pas dans le web jusqu'à aujourd'hui.
      </p>
    </section>
    <section
      className="projects-cards-wrapper"
    >
      <Link
        className="project-card-wrapper"
        key="Dipongo"
        to={
          Object {
            "pathname": "/projets/infos",
            "state": Object {
              "project": Object {
                "appType": "Application Ios & Android",
                "description": Array [
                  "Dipongo(v2) est une application crossplateformes mêlant le virtuel au réel.",
                  "Stimulant l'imaginaire de l'enfant au travers d'aventures fantastiques.",
                  "Développée avec React Native, au sein de l'agence sqal.io, j'ai pris part à l'intégration du responsive pour mobile, et l'ajout de nouvelles fonctionnalités.",
                  "#Android #Ios #ReactNative #Redux #Scss",
                ],
                "development": "Development",
                "endpoint": "/projets/dipongo",
                "id": 0,
                "integration": "Integration",
                "picture": "dipongo",
                "pictures": Array [
                  null,
                  null,
                  null,
                ],
                "projectUrl": "https://www.dipongo.net/",
                "title": "Dipongo",
                "type": "Professionel",
              },
            },
          }
        }
      >
        <div
          className="project-card left dipongo-bg"
        />
        <div
          className="card-datas-wrapper title-left"
        >
          <h2
            className="card-title"
          >
            Dipongo
          </h2>
          <ul
            className="card-meta meta-left"
          >
            <li
              className="card-meta-item"
            >
              Integration
            </li>
            <li>
              Development
            </li>
          </ul>
        </div>
        <div
          className="project-overlay"
        />
        <div
          className="project-card-button left"
        />
      </Link>
      <Link
        className="project-card-wrapper"
        key="Home Assist"
        to={
          Object {
            "pathname": "/projets/infos",
            "state": Object {
              "project": Object {
                "appType": "Application Android",
                "description": Array [
                  "Home Assist est un application connectée Android qui permet de simplifier et de faciliter le quotidien des seniors vivant seuls et loin de leurs proches.",
                  "En collaboration avec le développeur back-end de chez Home Assist, j'ai réalisé au sein de l'agence sqal.io, l'intégration des maquettes. Dans un second temps le développement de l'application Android, ainsi qu'une application mobile à destination des proches.",
                  "#Android #ReactNative #Redux #StyledComponent #Firebase",
                ],
                "development": "Development",
                "endpoint": "/projets/home-assist",
                "id": 1,
                "integration": "Integration",
                "picture": "ha",
                "pictures": Array [
                  null,
                  null,
                  null,
                ],
                "projectUrl": "http://www.home-assist.fr/",
                "title": "Home Assist",
                "type": "Professionel",
              },
            },
          }
        }
      >
        <div
          className="project-card right ha-bg"
        />
        <div
          className="card-datas-wrapper title-right"
        >
          <h2
            className="card-title"
          >
            Home Assist
          </h2>
          <ul
            className="card-meta meta-right"
          >
            <li
              className="card-meta-item"
            >
              Integration
            </li>
            <li>
              Development
            </li>
          </ul>
        </div>
        <div
          className="project-overlay"
        />
        <div
          className="project-card-button"
        />
      </Link>
      <Link
        className="project-card-wrapper"
        key="War of Golf"
        to={
          Object {
            "pathname": "/projets/infos",
            "state": Object {
              "project": Object {
                "appType": "Application Ios & Android",
                "description": Array [
                  "War of Golf est une application Android et Ios qui offre une experience nouvelle du golf. Affronter ses amis sur le terrain, créer sa communauté, ou apprendre à jouer au golf via l'Academy.",
                  "Au sein de l'agence sqal.io, il m'a été confié, la refonte intégrale et le développement de nouvelles fonctionnalités de la version 2.0.",
                  "#Android #Ios #ReactNative #Redux #StyledComponent #WebSocket #GoogleAdmob #Firebase #OneSignal",
                ],
                "development": "Development",
                "endpoint": "/projets/war-of-golf",
                "id": 2,
                "integration": "Integration",
                "picture": "wog",
                "pictures": Array [
                  null,
                  null,
                  null,
                ],
                "projectUrl": "https://warofgolf.com/",
                "title": "War of Golf",
                "type": "Professionel",
              },
            },
          }
        }
      >
        <div
          className="project-card left wog-bg"
        />
        <div
          className="card-datas-wrapper title-left"
        >
          <h2
            className="card-title"
          >
            War of Golf
          </h2>
          <ul
            className="card-meta meta-left"
          >
            <li
              className="card-meta-item"
            >
              Integration
            </li>
            <li>
              Development
            </li>
          </ul>
        </div>
        <div
          className="project-overlay"
        />
        <div
          className="project-card-button left"
        />
      </Link>
      <Link
        className="project-card-wrapper"
        key="Fillgood"
        to={
          Object {
            "pathname": "/projets/infos",
            "state": Object {
              "project": Object {
                "appType": "Application web",
                "description": Array [
                  "L'application web FillGood, est une plateforme permettant la livraison de carburant aux particuliers et entreprises.",
                  "En charge de l'intégration et du développement de l'application web au sein de l'agence sqal.io. J'ai développé une interface entièrement responsive, avec 3 accès : administrateur, employé et client.",
                  "#Web #ReactJS #Redux #StyledComponent #Responsive",
                ],
                "development": "Development",
                "endpoint": "/projets/fillgood",
                "id": 3,
                "integration": "Integration",
                "picture": "fillgood",
                "pictures": Array [
                  null,
                  null,
                  null,
                ],
                "projectUrl": "https://fill-good.fr/",
                "title": "Fillgood",
                "type": "Professionel",
              },
            },
          }
        }
      >
        <div
          className="project-card right fg-bg"
        />
        <div
          className="card-datas-wrapper title-right"
        >
          <h2
            className="card-title"
          >
            Fillgood
          </h2>
          <ul
            className="card-meta meta-right"
          >
            <li
              className="card-meta-item"
            >
              Integration
            </li>
            <li>
              Development
            </li>
          </ul>
        </div>
        <div
          className="project-overlay"
        />
        <div
          className="project-card-button"
        />
      </Link>
      <Link
        className="project-card-wrapper"
        key="Family Tree"
        to={
          Object {
            "pathname": "/projets/infos",
            "state": Object {
              "project": Object {
                "appType": "Application web",
                "description": Array [
                  "L'application web Family Tree, est une application responsive, créée dans un but de montée en compétences fullstack.",
                  "L'utilisateur peut créer un compte, ajouter sa famille, les générations et les membres qui la compose.",
                  "Pour réaliser cette application, j'ai imaginé le design, l'ai intégré, puis réalisé le développement de l'ensemble des composants, jusqu'aux tests unitaires.",
                  "Je me suis chargé de créer une API REST en Node/Express, qui permet de servir le client.",
                  "Je poursuis actuellement le développement, pour la partie client et server afin de présenter ce projet comme réalisation dans mon portfolio.",
                  "#Web #Responsive #ReactJS #scss #bootstrap #Jest #Enzyme #API #NodeJS #Express #Sequelize",
                ],
                "development": "Development",
                "endpoint": "/projets/familytree",
                "id": 4,
                "integration": "Integration",
                "picture": "familyTree",
                "pictures": Array [
                  null,
                  null,
                ],
                "projectUrl": "https://family-tree-app-app.herokuapp.com/",
                "title": "Family Tree",
                "type": "Personnel",
              },
            },
          }
        }
      >
        <div
          className="project-card left familytree-bg"
        />
        <div
          className="card-datas-wrapper title-left"
        >
          <h2
            className="card-title"
          >
            Family Tree
          </h2>
          <ul
            className="card-meta meta-left"
          >
            <li
              className="card-meta-item"
            >
              Integration
            </li>
            <li>
              Development
            </li>
          </ul>
        </div>
        <div
          className="project-overlay"
        />
        <div
          className="project-card-button left"
        />
      </Link>
    </section>
    <div
      className="contact-btn-wrapper"
    >
      <ClassicButton
        endpoint="/"
        isMailTo={true}
        text="Ecrivez-moi"
      />
    </div>
  </main>
</Fragment>
`;
