// Jest Snapshot v1, https://goo.gl/fbAQLP

exports[`Projects component should render Projects component correctly 1`] = `
<Fragment>
  <img
    alt=""
    className="projects-bubble"
    src={[Function]}
  />
  <main
    className="projects-wrapper page"
  >
    <section
      className="projects-title-wrapper"
    >
      <h1>
        Sélection de 
        <span
          className="underlined"
        >
          projets.
        </span>
      </h1>
      <p>
        Je vous propose ici un échantillon des projets auxquels j'ai pris part depuis mes premiers pas dans le web jusqu'à aujourd'hui.
      </p>
    </section>
    <section
      className="projects-cards-wrapper"
    >
      <div
        className="project-card left dipongo-bg overlay-dipongo"
        data-description="Dipongo(v2) est une application crossplateformes mêlant le virtuel au réel. Stimulant l'imaginaire de l'enfant au travers d'aventures fantastiques.
"
        data-description2="Développée avec React Native, j'ai pris part à l'intégration du responsive pour mobile, et l'ajout de fonctionnalités.
"
        data-description3="#ReactNative #Redux #Scss"
        key="Dipongo"
      >
        <div
          className="card-datas-wrapper"
        >
          <h2
            className="card-title"
          >
            Dipongo
          </h2>
          <ul
            className="card-meta meta-right"
          >
            <li
              className="card-meta-item"
            >
              Integration
            </li>
            <li>
              Development
            </li>
          </ul>
        </div>
      </div>
      <div
        className="project-card right ha-bg overlay-ha"
        data-description="Home Assist est un application connectée Android qui permet de simplifier et de faciliter le quotidien des seniors vivant seuls et loin de leurs proches.
"
        data-description2="En collaboration avec le développeur back-end de chez Home Assist, j'ai réalisé l'intégration et le développement de l'application Android.
"
        data-description3="#ReactNative #Redux #StyledComponent"
        key="Home Assist"
      >
        <div
          className="card-datas-wrapper title-right"
        >
          <h2
            className="card-title"
          >
            Home Assist
          </h2>
          <ul
            className="card-meta"
          >
            <li
              className="card-meta-item"
            >
              Integration
            </li>
            <li>
              Development
            </li>
          </ul>
        </div>
      </div>
      <div
        className="project-card left wog-bg overlay-wog"
        data-description="War of Golf est une application Android et Ios qui offre une experience nouvelle du golf. Affronter ses amis sur le terrain, créer sa communauté, ou apprendre à jouer au golf via l'Academy.
"
        data-description2="Il m'a été confié, la refonte intégrale et le développement de nouvelles fonctionnalités de la version 2.0.
"
        data-description3="#ReactNative #Redux #StyledComponent"
        key="War of Golf"
      >
        <div
          className="card-datas-wrapper"
        >
          <h2
            className="card-title"
          >
            War of Golf
          </h2>
          <ul
            className="card-meta meta-right"
          >
            <li
              className="card-meta-item"
            >
              Integration
            </li>
            <li>
              Development
            </li>
          </ul>
        </div>
      </div>
      <div
        className="project-card right fg-bg overlay-fg"
        data-description="L'application web FillGood, est une plateforme permettant la livraison de carburant aux particuliers et entreprises.
"
        data-description2="En charge de l'intégration et du développement de l'application web. J'ai développé une interface entièrement responsive, avec 3 accès différents selon le profil de l'utilisateur.
"
        data-description3="#ReactJS #Redux #StyledComponent"
        key="Fillgood"
      >
        <div
          className="card-datas-wrapper title-right"
        >
          <h2
            className="card-title"
          >
            Fillgood
          </h2>
          <ul
            className="card-meta"
          >
            <li
              className="card-meta-item"
            >
              Integration
            </li>
            <li>
              Development
            </li>
          </ul>
        </div>
      </div>
    </section>
    <div
      className="contact-btn-wrapper"
    >
      <ClassicButton
        endpoint="/"
        text="Ecrivez-moi"
      />
    </div>
  </main>
</Fragment>
`;
